// Jest Snapshot v1, https://goo.gl/fbAQLP

exports[`BBoxLayout renders correctly 1`] = `
<div>
  <div
    class="MuiGrid-root MuiGrid-container MuiGrid-justify-xs-center"
  >
    <div
      class="MuiGrid-root MuiGrid-item MuiGrid-grid-xs-12 MuiGrid-grid-sm-12 MuiGrid-grid-md-8 MuiGrid-grid-lg-6"
    >
      <div>
        Layout
      </div>
    </div>
  </div>
</div>
`;
