// Jest Snapshot v1, https://goo.gl/fbAQLP

exports[`BFormSectionHeadline renders correctly 1`] = `
<div>
  <div
    class="div-root-1 div-root-2"
  >
    <h6
      class="MuiTypography-root MuiTypography-h6"
    >
      Headline
    </h6>
  </div>
</div>
`;
