// Jest Snapshot v1, https://goo.gl/fbAQLP

exports[`loads and displays headline story 1`] = `
<div>
  <div
    class="div-root-1 div-root-2"
  >
    <h3
      class="MuiTypography-root MuiTypography-h5"
    >
      Headline
    </h3>
  </div>
</div>
`;
